<html>
<body>
<pre>
<h1>µVision Build Log</h1>
<h2>Project:</h2>
F:\Srini1768\Simple_buzzer\simple_buzzer.uvproj
Project File Date:  06/18/2019

<h2>Output:</h2>
Rebuild target 'Target 1'
assembling startup_LPC17xx.s...
compiling simple_buzzer.c...
simple_buzzer.c(25): warning:  #1-D: last line of file ends without a newline
  }
simple_buzzer.c: 1 warning, 0 errors
compiling core_cm3.c...
compiling system_LPC17xx.c...
linking...
Program Size: Code=1028 RO-data=344 RW-data=4 ZI-data=612  
".\simple_buzzer.axf" - 0 Error(s), 1 Warning(s).
Load "F:\\Srini1768\\Simple_buzzer\\simple_buzzer.axf" 
Erase Done.
Programming Done.
Verify OK.
Load "F:\\Srini1768\\Simple_buzzer\\simple_buzzer.axf" 
Erase Done.
Programming Done.
Verify OK.
</pre>
</body>
</html>
e_buzzer\\simple_buzzer.axf" 
Erase Done.
Programming Done.
Verify OK.
